Gen -- 333500000000.0010 0.0000
lnL -- 12503218567.7667 0.0000
RGF(Length) -- 0.0000 0.8400
L(Alpha) -- 0.0000 0.0000
L(1,1) -- 0.2870 0.9600
L(2,1) -- 0.2388 1.0000
L(3,1) -- 0.3277 0.9200
L(4,1) -- 0.1797 1.0000
L(5,1) -- 0.2482 1.0000
L(6,1) -- 0.1808 0.9600
RGF(Pi) -- 0.0000 0.9200
Pi(Alpha) -- 0.0000 0.0000
Pi(1,A) -- 0.0049 1.0000
Pi(1,C) -- 0.0113 0.9200
Pi(1,G) -- 0.0073 1.0000
Pi(1,T) -- 0.0049 1.0000
Pi(2,A) -- 0.0025 0.9600
Pi(2,C) -- 0.0035 1.0000
Pi(2,G) -- 0.0045 0.9600
Pi(2,T) -- 0.0032 1.0000
Pi(3,A) -- 0.0061 0.9600
Pi(3,C) -- 0.0045 1.0000
Pi(3,G) -- 0.0064 0.9600
Pi(3,T) -- 0.0092 0.9600
Pi(4,A) -- 0.0046 0.9200
Pi(4,C) -- 0.0038 0.9600
Pi(4,G) -- 0.0040 1.0000
Pi(4,T) -- 0.0040 1.0000
Pi(5,A) -- 0.0023 1.0000
Pi(5,C) -- 0.0031 1.0000
Pi(5,G) -- 0.0026 1.0000
Pi(5,T) -- 0.0031 1.0000
Pi(6,A) -- 0.0040 1.0000
Pi(6,C) -- 0.0022 1.0000
Pi(6,G) -- 0.0032 1.0000
Pi(6,T) -- 0.0038 1.0000
RGF(R) -- 0.0000 1.0000
R(Alpha) -- 0.0000 0.0000
R(1,AC) -- 0.0042 1.0000
R(1,AG) -- 0.0053 0.9600
R(1,AT) -- 0.0079 1.0000
R(1,CG) -- 0.0047 1.0000
R(1,CT) -- 0.0043 1.0000
R(1,GT) -- 0.0065 1.0000
R(2,AC) -- 0.0084 1.0000
R(2,AG) -- 0.0130 0.8800
R(2,AT) -- 0.0165 0.9600
R(2,CG) -- 0.0049 0.9600
R(2,CT) -- 0.0070 1.0000
R(2,GT) -- 0.0049 0.9600
R(3,AC) -- 0.0051 1.0000
R(3,AG) -- 0.0046 1.0000
R(3,AT) -- 0.0063 1.0000
R(3,CG) -- 0.0084 1.0000
R(3,CT) -- 0.0064 1.0000
R(3,GT) -- 0.0063 0.9600
R(4,AC) -- 0.0046 1.0000
R(4,AG) -- 0.0097 0.8800
R(4,AT) -- 0.0055 1.0000
R(4,CG) -- 0.0156 0.9600
R(4,CT) -- 0.0088 1.0000
R(4,GT) -- 0.0066 1.0000
R(5,AC) -- 0.0057 1.0000
R(5,AG) -- 0.0054 1.0000
R(5,AT) -- 0.0064 1.0000
R(5,CG) -- 0.0120 1.0000
R(5,CT) -- 0.0093 0.9600
R(5,GT) -- 0.0095 1.0000
R(6,AC) -- 0.0045 1.0000
R(6,AG) -- 0.0036 0.9600
R(6,AT) -- 0.0056 0.9600
R(6,CG) -- 0.0061 1.0000
R(6,CT) -- 0.0094 1.0000
R(6,GT) -- 0.0056 1.0000
RGF(Alpha) -- 0.0000 0.9600
Alpha(Alpha) -- 0.0000 0.0000
Alpha(1,1) -- 0.0684 0.9600
Alpha(2,1) -- 0.0200 0.9600
Alpha(3,1) -- 0.0252 1.0000
Alpha(4,1) -- 0.0374 1.0000
Alpha(5,1) -- 0.0628 1.0000
Alpha(6,1) -- 0.1131 0.9600
Alpha(6,1) -- 0.1131 0.9600
