Gen -- 333500000000.0010 0.0000
lnL -- 12576881080.2390 0.0000
RGF(Length) -- 0.0000 0.8800
L(Alpha) -- 1.7333 0.9200
L(1,1) -- 0.1864 1.0000
L(2,1) -- 0.1801 0.9200
L(3,1) -- 0.2418 0.9200
L(4,1) -- 0.1610 1.0000
L(5,1) -- 0.1797 0.9600
L(6,1) -- 0.2985 0.9600
RGF(Pi) -- 0.0000 1.0000
Pi(Alpha) -- 1.3443 0.9600
Pi(1,A) -- 0.0028 0.9200
Pi(1,C) -- 0.0039 1.0000
Pi(1,G) -- 0.0039 0.9600
Pi(1,T) -- 0.0040 1.0000
Pi(2,A) -- 0.0008 0.9600
Pi(2,C) -- 0.0017 1.0000
Pi(2,G) -- 0.0020 0.9600
Pi(2,T) -- 0.0007 1.0000
Pi(3,A) -- 0.0078 0.9200
Pi(3,C) -- 0.0064 0.9600
Pi(3,G) -- 0.0032 0.9600
Pi(3,T) -- 0.0023 0.9600
Pi(4,A) -- 0.0019 0.9600
Pi(4,C) -- 0.0046 1.0000
Pi(4,G) -- 0.0011 0.9600
Pi(4,T) -- 0.0014 1.0000
Pi(5,A) -- 0.0027 0.9600
Pi(5,C) -- 0.0022 1.0000
Pi(5,G) -- 0.0026 0.9200
Pi(5,T) -- 0.0030 0.9600
Pi(6,A) -- 0.0030 0.9600
Pi(6,C) -- 0.0027 1.0000
Pi(6,G) -- 0.0040 0.9600
Pi(6,T) -- 0.0032 1.0000
RGF(R) -- 0.0000 0.8800
R(Alpha) -- 2.0390 0.9600
R(1,AC) -- 0.0051 1.0000
R(1,AG) -- 0.0070 0.9600
R(1,AT) -- 0.0049 0.8400
R(1,CG) -- 0.0080 0.9200
R(1,CT) -- 0.0038 0.9200
R(1,GT) -- 0.0045 0.9600
R(2,AC) -- 0.0034 1.0000
R(2,AG) -- 0.0032 1.0000
R(2,AT) -- 0.0036 0.9600
R(2,CG) -- 0.0054 0.9200
R(2,CT) -- 0.0036 0.9600
R(2,GT) -- 0.0046 0.9600
R(3,AC) -- 0.0062 1.0000
R(3,AG) -- 0.0041 1.0000
R(3,AT) -- 0.0052 0.9600
R(3,CG) -- 0.0046 1.0000
R(3,CT) -- 0.0065 1.0000
R(3,GT) -- 0.0066 0.9600
R(4,AC) -- 0.0037 0.9200
R(4,AG) -- 0.0043 1.0000
R(4,AT) -- 0.0031 0.9200
R(4,CG) -- 0.0047 0.9600
R(4,CT) -- 0.0022 0.9600
R(4,GT) -- 0.0040 0.9600
R(5,AC) -- 0.0096 0.9600
R(5,AG) -- 0.0043 0.9600
R(5,AT) -- 0.0067 0.9600
R(5,CG) -- 0.0063 0.9600
R(5,CT) -- 0.0047 0.9200
R(5,GT) -- 0.0032 0.9600
R(6,AC) -- 0.0125 0.9600
R(6,AG) -- 0.0034 1.0000
R(6,AT) -- 0.0036 0.9200
R(6,CG) -- 0.0064 1.0000
R(6,CT) -- 0.0055 1.0000
R(6,GT) -- 0.0057 0.9600
RGF(Alpha) -- 0.0000 0.9200
Alpha(Alpha) -- 1.6518 0.9600
Alpha(1,1) -- 0.0522 0.9200
Alpha(2,1) -- 0.0301 0.9600
Alpha(3,1) -- 0.0255 0.9600
Alpha(4,1) -- 0.2531 0.8800
Alpha(5,1) -- 0.0789 1.0000
Alpha(6,1) -- 0.0797 0.9200
Alpha(6,1) -- 0.0797 0.9200
