Gen -- 333500000000.0010 0.0000
lnL -- 12189071350.8331 0.0000
RGF(Length) -- 0.0000 0.9600
L(Alpha) -- 0.0000 0.0000
L(1,1) -- 0.7001 0.8400
L(2,1) -- 0.7549 0.9600
L(3,1) -- 1.0203 0.9600
L(4,1) -- 0.6015 1.0000
L(5,1) -- 0.4968 0.9600
L(6,1) -- 0.7675 1.0000
RGF(Pi) -- 0.0000 0.8400
Pi(Alpha) -- 0.0000 0.0000
Pi(1,A) -- 0.0152 1.0000
Pi(1,C) -- 0.0108 0.8800
Pi(1,G) -- 0.0130 0.9600
Pi(1,T) -- 0.0137 0.9600
Pi(2,A) -- 0.0133 0.9200
Pi(2,C) -- 0.0176 1.0000
Pi(2,G) -- 0.0153 1.0000
Pi(2,T) -- 0.0137 1.0000
Pi(3,A) -- 0.0128 1.0000
Pi(3,C) -- 0.0126 1.0000
Pi(3,G) -- 0.0109 1.0000
Pi(3,T) -- 0.0105 1.0000
Pi(4,A) -- 0.0181 0.9600
Pi(4,C) -- 0.0098 0.9600
Pi(4,G) -- 0.0098 1.0000
Pi(4,T) -- 0.0097 1.0000
Pi(5,A) -- 0.0097 0.9600
Pi(5,C) -- 0.0108 0.9600
Pi(5,G) -- 0.0088 0.9600
Pi(5,T) -- 0.0113 0.9600
Pi(6,A) -- 0.0114 0.9600
Pi(6,C) -- 0.0085 0.9200
Pi(6,G) -- 0.0156 0.9600
Pi(6,T) -- 0.0122 1.0000
RGF(R) -- 0.0000 0.8800
R(Alpha) -- 0.0000 0.0000
R(1,AC) -- 0.0242 0.8000
R(1,AG) -- 0.0175 0.9200
R(1,AT) -- 0.0208 0.8400
R(1,CG) -- 0.0168 0.8800
R(1,CT) -- 0.0241 0.9200
R(1,GT) -- 0.0194 0.9200
R(2,AC) -- 0.0154 1.0000
R(2,AG) -- 0.0235 0.8800
R(2,AT) -- 0.0202 0.9600
R(2,CG) -- 0.0146 1.0000
R(2,CT) -- 0.0144 0.9200
R(2,GT) -- 0.0199 0.9200
R(3,AC) -- 0.0119 0.9200
R(3,AG) -- 0.0222 0.8800
R(3,AT) -- 0.0139 0.9200
R(3,CG) -- 0.0236 0.9600
R(3,CT) -- 0.0145 1.0000
R(3,GT) -- 0.0144 0.9600
R(4,AC) -- 0.0200 0.9200
R(4,AG) -- 0.0130 1.0000
R(4,AT) -- 0.0143 0.8800
R(4,CG) -- 0.0220 0.9200
R(4,CT) -- 0.0201 0.8000
R(4,GT) -- 0.0199 0.9200
R(5,AC) -- 0.0128 1.0000
R(5,AG) -- 0.0197 0.9600
R(5,AT) -- 0.0153 1.0000
R(5,CG) -- 0.0113 0.9600
R(5,CT) -- 0.0200 1.0000
R(5,GT) -- 0.0148 0.9600
R(6,AC) -- 0.0241 0.9600
R(6,AG) -- 0.0189 0.9200
R(6,AT) -- 0.0173 0.9200
R(6,CG) -- 0.0111 1.0000
R(6,CT) -- 0.0208 0.8800
R(6,GT) -- 0.0165 0.9600
RGF(Alpha) -- 0.0000 1.0000
Alpha(Alpha) -- 0.0000 0.0000
Alpha(1,1) -- 0.2073 0.9200
Alpha(2,1) -- 0.7239 0.9200
Alpha(3,1) -- 0.0946 1.0000
Alpha(4,1) -- 0.0407 0.9600
Alpha(5,1) -- 0.4766 0.9600
Alpha(6,1) -- 0.0502 0.9200
Alpha(6,1) -- 0.0502 0.9200
