Gen -- 333500000000.0010 0.0000
lnL -- 12850875603.7767 0.0000
RGF(Length) -- 0.0000 0.8800
L(Alpha) -- 0.0000 0.0000
L(1,1) -- 0.0230 0.8800
L(2,1) -- 0.0345 0.9200
L(3,1) -- 0.0282 0.9600
L(4,1) -- 0.0220 0.9200
L(5,1) -- 0.0330 0.9200
L(6,1) -- 0.0220 0.9200
RGF(Pi) -- 0.0000 1.0000
Pi(Alpha) -- 0.0000 0.0000
Pi(1,A) -- 0.0000 0.9600
Pi(1,C) -- 0.0000 1.0000
Pi(1,G) -- 0.0000 0.9600
Pi(1,T) -- 0.0000 1.0000
Pi(2,A) -- 0.0001 0.9600
Pi(2,C) -- 0.0001 0.9600
Pi(2,G) -- 0.0001 0.9600
Pi(2,T) -- 0.0001 1.0000
Pi(3,A) -- 0.0006 0.9600
Pi(3,C) -- 0.0009 0.9200
Pi(3,G) -- 0.0008 0.9600
Pi(3,T) -- 0.0025 1.0000
Pi(4,A) -- 0.0001 0.9600
Pi(4,C) -- 0.0000 1.0000
Pi(4,G) -- 0.0000 0.9600
Pi(4,T) -- 0.0000 1.0000
Pi(5,A) -- 0.0006 0.9600
Pi(5,C) -- 0.0015 0.9600
Pi(5,G) -- 0.0005 0.9600
Pi(5,T) -- 0.0007 1.0000
Pi(6,A) -- 0.0000 0.9600
Pi(6,C) -- 0.0000 1.0000
Pi(6,G) -- 0.0000 0.9600
Pi(6,T) -- 0.0000 1.0000
RGF(R) -- 0.0000 0.9600
R(Alpha) -- 0.0000 0.0000
R(1,AC) -- 0.0001 1.0000
R(1,AG) -- 0.0003 0.9200
R(1,AT) -- 0.0002 0.9200
R(1,CG) -- 0.0002 0.9600
R(1,CT) -- 0.0001 1.0000
R(1,GT) -- 0.0002 0.9600
R(2,AC) -- 0.0008 1.0000
R(2,AG) -- 0.0027 0.9200
R(2,AT) -- 0.0012 0.9200
R(2,CG) -- 0.0056 0.9200
R(2,CT) -- 0.0017 0.9600
R(2,GT) -- 0.0025 0.9600
R(3,AC) -- 0.0008 1.0000
R(3,AG) -- 0.0003 0.9200
R(3,AT) -- 0.0022 0.9200
R(3,CG) -- 0.0005 0.9600
R(3,CT) -- 0.0004 0.9600
R(3,GT) -- 0.0009 0.9600
R(4,AC) -- 0.0004 1.0000
R(4,AG) -- 0.0006 0.9200
R(4,AT) -- 0.0006 0.9200
R(4,CG) -- 0.0004 0.9600
R(4,CT) -- 0.0009 1.0000
R(4,GT) -- 0.0009 0.9600
R(5,AC) -- 0.0003 1.0000
R(5,AG) -- 0.0008 0.9200
R(5,AT) -- 0.0003 0.9200
R(5,CG) -- 0.0002 0.9600
R(5,CT) -- 0.0007 0.9600
R(5,GT) -- 0.0003 0.9600
R(6,AC) -- 0.0001 1.0000
R(6,AG) -- 0.0002 0.9200
R(6,AT) -- 0.0002 0.9200
R(6,CG) -- 0.0002 0.9600
R(6,CT) -- 0.0002 0.9600
R(6,GT) -- 0.0001 0.9600
RGF(Alpha) -- 0.0000 0.9600
Alpha(Alpha) -- 0.0000 0.0000
Alpha(1,1) -- 0.0038 0.9600
Alpha(2,1) -- 0.0038 0.9600
Alpha(3,1) -- 0.0069 0.9600
Alpha(4,1) -- 0.0098 0.9600
Alpha(5,1) -- 0.0170 0.9600
Alpha(6,1) -- 0.0036 0.9600
Alpha(6,1) -- 0.0036 0.9600
