Gen -- 333500000000.0010 0.0000
lnL -- 12645903807.1850 0.0000
RGF(Length) -- 0.0000 0.8000
L(Alpha) -- 0.0000 0.0000
L(1,1) -- 0.2509 0.9600
L(2,1) -- 0.2601 0.9600
L(3,1) -- 0.2178 0.9600
L(4,1) -- 0.2282 0.9600
L(5,1) -- 0.1294 0.9200
L(6,1) -- 0.3154 0.9600
RGF(Pi) -- 0.0000 0.9600
Pi(Alpha) -- 0.0000 0.0000
Pi(1,A) -- 0.0120 0.9600
Pi(1,C) -- 0.0051 0.9600
Pi(1,G) -- 0.0054 1.0000
Pi(1,T) -- 0.0065 0.9600
Pi(2,A) -- 0.0058 0.9200
Pi(2,C) -- 0.0026 0.9600
Pi(2,G) -- 0.0033 1.0000
Pi(2,T) -- 0.0023 0.9600
Pi(3,A) -- 0.0028 0.9200
Pi(3,C) -- 0.0034 0.9200
Pi(3,G) -- 0.0032 1.0000
Pi(3,T) -- 0.0037 0.9200
Pi(4,A) -- 0.0025 0.9200
Pi(4,C) -- 0.0032 0.9600
Pi(4,G) -- 0.0053 0.9600
Pi(4,T) -- 0.0077 0.9600
Pi(5,A) -- 0.0012 0.9200
Pi(5,C) -- 0.0014 0.9600
Pi(5,G) -- 0.0015 1.0000
Pi(5,T) -- 0.0016 1.0000
Pi(6,A) -- 0.0031 0.8800
Pi(6,C) -- 0.0033 0.8800
Pi(6,G) -- 0.0057 1.0000
Pi(6,T) -- 0.0072 0.9600
RGF(R) -- 0.0000 0.9200
R(Alpha) -- 0.0000 0.0000
R(1,AC) -- 0.0084 0.9600
R(1,AG) -- 0.0103 0.9200
R(1,AT) -- 0.0114 0.8800
R(1,CG) -- 0.0113 0.9200
R(1,CT) -- 0.0063 0.9200
R(1,GT) -- 0.0082 1.0000
R(2,AC) -- 0.0041 0.9600
R(2,AG) -- 0.0038 0.9600
R(2,AT) -- 0.0067 0.9600
R(2,CG) -- 0.0040 1.0000
R(2,CT) -- 0.0108 0.9200
R(2,GT) -- 0.0064 1.0000
R(3,AC) -- 0.0048 0.9200
R(3,AG) -- 0.0058 1.0000
R(3,AT) -- 0.0034 0.9600
R(3,CG) -- 0.0046 0.9600
R(3,CT) -- 0.0089 0.9200
R(3,GT) -- 0.0047 0.9600
R(4,AC) -- 0.0041 0.9600
R(4,AG) -- 0.0053 1.0000
R(4,AT) -- 0.0050 0.9600
R(4,CG) -- 0.0051 1.0000
R(4,CT) -- 0.0074 0.9600
R(4,GT) -- 0.0055 0.9600
R(5,AC) -- 0.0090 0.9200
R(5,AG) -- 0.0033 0.9600
R(5,AT) -- 0.0038 0.9600
R(5,CG) -- 0.0033 0.9600
R(5,CT) -- 0.0062 0.9200
R(5,GT) -- 0.0046 1.0000
R(6,AC) -- 0.0061 0.9600
R(6,AG) -- 0.0041 0.9600
R(6,AT) -- 0.0097 0.9600
R(6,CG) -- 0.0114 0.9200
R(6,CT) -- 0.0150 0.8400
R(6,GT) -- 0.0074 0.9600
RGF(Alpha) -- 0.0000 0.9200
Alpha(Alpha) -- 0.0000 0.0000
Alpha(1,1) -- 1.2317 0.9600
Alpha(2,1) -- 0.2461 0.9600
Alpha(3,1) -- 0.0181 0.9600
Alpha(4,1) -- 0.6378 0.9600
Alpha(5,1) -- 0.0163 0.9600
Alpha(6,1) -- 0.0453 0.8800
Alpha(6,1) -- 0.0453 0.8800
