Gen -- 333500000000.0010 0.0000
lnL -- 12924940875.4757 0.0000
RGF(Length) -- 0.0000 1.0000
L(Alpha) -- 0.0000 0.0000
L(1,1) -- 0.7350 0.9200
L(2,1) -- 0.8042 0.9200
L(3,1) -- 1.0130 0.9200
L(4,1) -- 0.5452 0.9600
L(5,1) -- 0.4781 0.9200
L(6,1) -- 0.4907 0.9600
RGF(Pi) -- 0.0000 0.9200
Pi(Alpha) -- 0.0000 0.0000
Pi(1,A) -- 0.0137 1.0000
Pi(1,C) -- 0.0108 1.0000
Pi(1,G) -- 0.0127 0.9200
Pi(1,T) -- 0.0119 0.9600
Pi(2,A) -- 0.0163 1.0000
Pi(2,C) -- 0.0157 0.9200
Pi(2,G) -- 0.0117 0.9600
Pi(2,T) -- 0.0215 0.9600
Pi(3,A) -- 0.0141 0.9600
Pi(3,C) -- 0.0197 0.9600
Pi(3,G) -- 0.0112 1.0000
Pi(3,T) -- 0.0126 0.9600
Pi(4,A) -- 0.0234 0.9200
Pi(4,C) -- 0.0111 0.9600
Pi(4,G) -- 0.0136 0.9600
Pi(4,T) -- 0.0162 0.9600
Pi(5,A) -- 0.0099 0.8800
Pi(5,C) -- 0.0135 1.0000
Pi(5,G) -- 0.0093 1.0000
Pi(5,T) -- 0.0088 1.0000
Pi(6,A) -- 0.0092 1.0000
Pi(6,C) -- 0.0119 1.0000
Pi(6,G) -- 0.0105 1.0000
Pi(6,T) -- 0.0104 0.9600
RGF(R) -- 0.0000 1.0000
R(Alpha) -- 0.0000 0.0000
R(1,AC) -- 0.0119 1.0000
R(1,AG) -- 0.0243 0.9200
R(1,AT) -- 0.0174 1.0000
R(1,CG) -- 0.0124 0.9600
R(1,CT) -- 0.0218 1.0000
R(1,GT) -- 0.0152 1.0000
R(2,AC) -- 0.0162 0.9600
R(2,AG) -- 0.0174 1.0000
R(2,AT) -- 0.0153 0.8800
R(2,CG) -- 0.0154 0.9600
R(2,CT) -- 0.0138 1.0000
R(2,GT) -- 0.0205 0.9600
R(3,AC) -- 0.0141 0.8800
R(3,AG) -- 0.0221 0.9200
R(3,AT) -- 0.0311 0.9200
R(3,CG) -- 0.0108 0.9200
R(3,CT) -- 0.0252 0.9200
R(3,GT) -- 0.0190 0.9600
R(4,AC) -- 0.0127 1.0000
R(4,AG) -- 0.0162 1.0000
R(4,AT) -- 0.0127 1.0000
R(4,CG) -- 0.0204 0.9200
R(4,CT) -- 0.0239 0.9600
R(4,GT) -- 0.0145 0.9600
R(5,AC) -- 0.0138 1.0000
R(5,AG) -- 0.0186 0.9600
R(5,AT) -- 0.0115 1.0000
R(5,CG) -- 0.0152 0.9600
R(5,CT) -- 0.0100 1.0000
R(5,GT) -- 0.0127 0.9600
R(6,AC) -- 0.0180 0.9600
R(6,AG) -- 0.0119 1.0000
R(6,AT) -- 0.0138 0.9600
R(6,CG) -- 0.0128 0.8800
R(6,CT) -- 0.0123 1.0000
R(6,GT) -- 0.0229 0.9600
RGF(Alpha) -- 0.0000 1.0000
Alpha(Alpha) -- 0.0000 0.0000
Alpha(1,1) -- 0.3030 0.9600
Alpha(2,1) -- 0.1059 0.8800
Alpha(3,1) -- 0.1439 0.9200
Alpha(4,1) -- 0.1372 1.0000
Alpha(5,1) -- 0.0512 1.0000
Alpha(6,1) -- 0.1248 1.0000
Alpha(6,1) -- 0.1248 1.0000
