Gen -- 333500000000.0010 0.0000
lnL -- 12383349553.7402 0.0000
RGF(Length) -- 0.0000 1.0000
L(Alpha) -- 1.7088 0.9600
L(1,1) -- 0.5526 0.8800
L(2,1) -- 0.8280 0.8800
L(3,1) -- 0.8054 0.8800
L(4,1) -- 0.6376 0.9600
L(5,1) -- 0.6875 0.8800
L(6,1) -- 0.4457 0.9200
RGF(Pi) -- 0.0000 0.9200
Pi(Alpha) -- 2.1638 0.9600
Pi(1,A) -- 0.0134 0.9200
Pi(1,C) -- 0.0119 1.0000
Pi(1,G) -- 0.0135 1.0000
Pi(1,T) -- 0.0114 1.0000
Pi(2,A) -- 0.0084 1.0000
Pi(2,C) -- 0.0112 1.0000
Pi(2,G) -- 0.0094 1.0000
Pi(2,T) -- 0.0105 0.9600
Pi(3,A) -- 0.0090 0.9600
Pi(3,C) -- 0.0187 0.9200
Pi(3,G) -- 0.0145 1.0000
Pi(3,T) -- 0.0129 1.0000
Pi(4,A) -- 0.0117 1.0000
Pi(4,C) -- 0.0089 0.9200
Pi(4,G) -- 0.0095 0.9600
Pi(4,T) -- 0.0174 0.9200
Pi(5,A) -- 0.0152 0.9600
Pi(5,C) -- 0.0083 0.9200
Pi(5,G) -- 0.0137 0.9600
Pi(5,T) -- 0.0143 0.9200
Pi(6,A) -- 0.0154 1.0000
Pi(6,C) -- 0.0129 0.9600
Pi(6,G) -- 0.0126 0.9600
Pi(6,T) -- 0.0173 0.9600
RGF(R) -- 0.0000 1.0000
R(Alpha) -- 1.8687 0.9600
R(1,AC) -- 0.0232 0.9600
R(1,AG) -- 0.0164 0.9200
R(1,AT) -- 0.0215 1.0000
R(1,CG) -- 0.0119 0.9600
R(1,CT) -- 0.0208 0.8800
R(1,GT) -- 0.0100 0.9200
R(2,AC) -- 0.0129 1.0000
R(2,AG) -- 0.0155 0.9200
R(2,AT) -- 0.0163 1.0000
R(2,CG) -- 0.0158 1.0000
R(2,CT) -- 0.0140 1.0000
R(2,GT) -- 0.0119 1.0000
R(3,AC) -- 0.0318 0.9200
R(3,AG) -- 0.0168 0.8800
R(3,AT) -- 0.0184 0.8800
R(3,CG) -- 0.0123 0.9600
R(3,CT) -- 0.0139 1.0000
R(3,GT) -- 0.0155 1.0000
R(4,AC) -- 0.0120 1.0000
R(4,AG) -- 0.0129 1.0000
R(4,AT) -- 0.0127 0.9600
R(4,CG) -- 0.0264 0.8400
R(4,CT) -- 0.0135 0.9600
R(4,GT) -- 0.0212 1.0000
R(5,AC) -- 0.0151 0.9600
R(5,AG) -- 0.0135 1.0000
R(5,AT) -- 0.0207 0.9600
R(5,CG) -- 0.0177 0.9200
R(5,CT) -- 0.0141 1.0000
R(5,GT) -- 0.0196 1.0000
R(6,AC) -- 0.0181 1.0000
R(6,AG) -- 0.0206 0.9600
R(6,AT) -- 0.0138 1.0000
R(6,CG) -- 0.0189 0.9600
R(6,CT) -- 0.0135 1.0000
R(6,GT) -- 0.0203 0.9600
RGF(Alpha) -- 0.0000 1.0000
Alpha(Alpha) -- 1.9069 1.0000
Alpha(1,1) -- 0.0911 0.9200
Alpha(2,1) -- 0.0474 1.0000
Alpha(3,1) -- 0.7520 0.9200
Alpha(4,1) -- 0.0786 0.9200
Alpha(5,1) -- 0.0682 0.9600
Alpha(6,1) -- 0.0464 1.0000
Alpha(6,1) -- 0.0464 1.0000
