Gen -- 333500000000.0010 0.0000
lnL -- 13348213029.0631 0.0000
RGF(Length) -- 0.0000 0.8800
L(Alpha) -- 2.1049 0.8000
L(1,1) -- 0.1000 0.9600
L(2,1) -- 0.1867 0.9600
L(3,1) -- 0.1779 1.0000
L(4,1) -- 0.2416 1.0000
L(5,1) -- 0.2572 1.0000
L(6,1) -- 0.2176 1.0000
RGF(Pi) -- 0.0000 0.9600
Pi(Alpha) -- 1.8386 0.9200
Pi(1,A) -- 0.0018 0.9600
Pi(1,C) -- 0.0017 1.0000
Pi(1,G) -- 0.0028 1.0000
Pi(1,T) -- 0.0015 0.9600
Pi(2,A) -- 0.0028 0.9600
Pi(2,C) -- 0.0017 1.0000
Pi(2,G) -- 0.0027 1.0000
Pi(2,T) -- 0.0042 1.0000
Pi(3,A) -- 0.0088 0.9200
Pi(3,C) -- 0.0036 1.0000
Pi(3,G) -- 0.0043 1.0000
Pi(3,T) -- 0.0045 0.9600
Pi(4,A) -- 0.0026 1.0000
Pi(4,C) -- 0.0030 1.0000
Pi(4,G) -- 0.0047 1.0000
Pi(4,T) -- 0.0026 1.0000
Pi(5,A) -- 0.0127 0.9600
Pi(5,C) -- 0.0037 0.9600
Pi(5,G) -- 0.0039 1.0000
Pi(5,T) -- 0.0045 1.0000
Pi(6,A) -- 0.0054 1.0000
Pi(6,C) -- 0.0027 1.0000
Pi(6,G) -- 0.0032 0.9600
Pi(6,T) -- 0.0057 1.0000
RGF(R) -- 0.0000 1.0000
R(Alpha) -- 1.7211 1.0000
R(1,AC) -- 0.0087 0.9200
R(1,AG) -- 0.0057 0.8400
R(1,AT) -- 0.0049 1.0000
R(1,CG) -- 0.0050 0.9600
R(1,CT) -- 0.0028 0.9600
R(1,GT) -- 0.0041 0.9600
R(2,AC) -- 0.0049 1.0000
R(2,AG) -- 0.0077 1.0000
R(2,AT) -- 0.0056 1.0000
R(2,CG) -- 0.0089 1.0000
R(2,CT) -- 0.0057 1.0000
R(2,GT) -- 0.0049 1.0000
R(3,AC) -- 0.0121 0.9600
R(3,AG) -- 0.0057 0.9200
R(3,AT) -- 0.0121 1.0000
R(3,CG) -- 0.0056 1.0000
R(3,CT) -- 0.0054 0.9200
R(3,GT) -- 0.0092 1.0000
R(4,AC) -- 0.0078 0.9600
R(4,AG) -- 0.0060 0.9200
R(4,AT) -- 0.0042 1.0000
R(4,CG) -- 0.0098 0.9200
R(4,CT) -- 0.0054 0.9600
R(4,GT) -- 0.0067 0.9600
R(5,AC) -- 0.0142 0.9600
R(5,AG) -- 0.0035 1.0000
R(5,AT) -- 0.0085 1.0000
R(5,CG) -- 0.0078 1.0000
R(5,CT) -- 0.0057 0.9600
R(5,GT) -- 0.0060 1.0000
R(6,AC) -- 0.0088 1.0000
R(6,AG) -- 0.0178 0.9600
R(6,AT) -- 0.0070 0.9600
R(6,CG) -- 0.0054 1.0000
R(6,CT) -- 0.0060 1.0000
R(6,GT) -- 0.0058 1.0000
RGF(Alpha) -- 0.0000 0.9600
Alpha(Alpha) -- 1.7406 0.9200
Alpha(1,1) -- 0.0344 0.9600
Alpha(2,1) -- 0.1024 0.8800
Alpha(3,1) -- 0.0260 0.9200
Alpha(4,1) -- 0.0899 1.0000
Alpha(5,1) -- 0.0194 0.9600
Alpha(6,1) -- 0.0481 0.9200
Alpha(6,1) -- 0.0481 0.9200
