Gen -- 333500000000.0010 0.0000
lnL -- 12749024682.3286 0.0000
RGF(Length) -- 0.0000 0.9200
L(Alpha) -- 1.6040 1.0000
L(1,1) -- 0.5271 1.0000
L(2,1) -- 0.7057 0.9600
L(3,1) -- 0.7062 0.9200
L(4,1) -- 0.5865 1.0000
L(5,1) -- 0.5824 0.9600
L(6,1) -- 0.5048 1.0000
RGF(Pi) -- 0.0000 0.9600
Pi(Alpha) -- 1.8177 0.9600
Pi(1,A) -- 0.0119 1.0000
Pi(1,C) -- 0.0097 1.0000
Pi(1,G) -- 0.0106 1.0000
Pi(1,T) -- 0.0103 1.0000
Pi(2,A) -- 0.0124 0.9200
Pi(2,C) -- 0.0145 0.9600
Pi(2,G) -- 0.0106 1.0000
Pi(2,T) -- 0.0128 1.0000
Pi(3,A) -- 0.0110 0.9600
Pi(3,C) -- 0.0144 1.0000
Pi(3,G) -- 0.0158 0.9600
Pi(3,T) -- 0.0198 0.9200
Pi(4,A) -- 0.0140 1.0000
Pi(4,C) -- 0.0128 0.9600
Pi(4,G) -- 0.0108 1.0000
Pi(4,T) -- 0.0126 1.0000
Pi(5,A) -- 0.0122 0.9200
Pi(5,C) -- 0.0101 0.9600
Pi(5,G) -- 0.0119 0.9600
Pi(5,T) -- 0.0105 0.9600
Pi(6,A) -- 0.0117 0.9600
Pi(6,C) -- 0.0111 1.0000
Pi(6,G) -- 0.0114 0.9600
Pi(6,T) -- 0.0136 0.9200
RGF(R) -- 0.0000 0.9600
R(Alpha) -- 1.5978 1.0000
R(1,AC) -- 0.0231 0.9200
R(1,AG) -- 0.0123 1.0000
R(1,AT) -- 0.0133 1.0000
R(1,CG) -- 0.0172 1.0000
R(1,CT) -- 0.0194 0.9600
R(1,GT) -- 0.0108 0.9600
R(2,AC) -- 0.0191 1.0000
R(2,AG) -- 0.0243 0.9200
R(2,AT) -- 0.0139 1.0000
R(2,CG) -- 0.0188 0.9200
R(2,CT) -- 0.0151 0.9600
R(2,GT) -- 0.0154 0.9600
R(3,AC) -- 0.0172 1.0000
R(3,AG) -- 0.0183 0.9600
R(3,AT) -- 0.0170 1.0000
R(3,CG) -- 0.0180 0.9600
R(3,CT) -- 0.0143 0.9600
R(3,GT) -- 0.0132 1.0000
R(4,AC) -- 0.0127 1.0000
R(4,AG) -- 0.0200 0.9600
R(4,AT) -- 0.0130 1.0000
R(4,CG) -- 0.0171 1.0000
R(4,CT) -- 0.0220 1.0000
R(4,GT) -- 0.0185 0.9600
R(5,AC) -- 0.0135 0.9600
R(5,AG) -- 0.0188 0.9600
R(5,AT) -- 0.0179 0.9600
R(5,CG) -- 0.0231 0.9200
R(5,CT) -- 0.0161 1.0000
R(5,GT) -- 0.0121 1.0000
R(6,AC) -- 0.0156 0.9600
R(6,AG) -- 0.0111 0.9600
R(6,AT) -- 0.0180 0.9200
R(6,CG) -- 0.0177 0.9600
R(6,CT) -- 0.0174 0.8800
R(6,GT) -- 0.0134 0.9600
RGF(Alpha) -- 0.0000 1.0000
Alpha(Alpha) -- 1.4287 1.0000
Alpha(1,1) -- 0.0793 1.0000
Alpha(2,1) -- 0.2297 1.0000
Alpha(3,1) -- 0.4640 0.9600
Alpha(4,1) -- 0.2595 0.9600
Alpha(5,1) -- 0.1137 1.0000
Alpha(6,1) -- 0.4041 0.9600
Alpha(6,1) -- 0.4041 0.9600
